[2024-10-22 22:21:11] Error: Error al servir: / (Código: 404)
[2024-10-22 22:49:12] Error: Error al servir: /s (Código: 404)
[2024-10-22 22:49:36] Error: Error en bind
[2024-10-22 22:49:37] Error: Error en bind
[2024-10-22 22:49:38] Error: Error en bind
[2024-10-22 22:49:39] Error: Error en bind
[2024-10-22 22:49:39] Error: Error en bind
[2024-10-22 22:49:40] Error: Error en bind
[2024-10-22 22:49:41] Error: Error en bind
[2024-10-22 22:49:41] Error: Error en bind
[2024-10-22 22:49:45] Error: Error en bind
[2024-10-22 22:49:47] Error: Error en bind
[2024-10-22 22:49:54] Error: Error en bind
[2024-10-22 22:49:56] Error: Error en bind
[2024-10-22 22:49:56] Error: Error en bind
[2024-10-22 22:49:57] Error: Error en bind
[2024-10-22 22:50:06] Error: Error en bind
[2024-10-22 22:50:07] Error: Error en bind
[2024-10-22 22:50:08] Error: Error en bind
[2024-10-22 22:50:08] Error: Error en bind
[2024-10-22 22:50:09] Error: Error en bind
[2024-10-22 22:52:44] Error: Error al servir: /si (Código: 404)
[2024-10-22 22:53:20] Error: Error en bind
[2024-10-22 22:53:21] Error: Error en bind
[2024-10-22 22:53:42] Error: Error en bind
[2024-10-22 22:53:43] Error: Error en bind
[2024-10-22 23:20:37] Error: Error al servir: /sitio1/imagen_producto.jpg (Código: 404)
[2024-10-22 23:23:39] Error: Error al servir: /sitio1/imagen_producto.jpg (Código: 404)
[2024-10-22 23:28:55] Error: Error al servir: /sitio1/styles.css (Código: 404)
[2024-10-22 23:30:28] Error: Error al servir: /sitio1/styles.css (Código: 404)
[2024-10-22 23:30:28] Error: Error al servir: /sitio1/script.js (Código: 404)
[2024-10-22 23:31:01] Error: Error en bind
[2024-10-22 23:31:03] Error: Error en bind
[2024-10-22 23:33:15] Error: Error al servir: /sitio1/styles.css (Código: 404)
[2024-10-22 23:48:30] Error: Error al servir: /sitio1/imagen_producto.jpg (Código: 404)
[2024-10-22 23:48:45] Error: Error en bind
[2024-10-22 23:48:46] Error: Error en bind
[2024-10-22 23:48:55] Error: Error en bind
[2024-10-22 23:48:56] Error: Error en bind
[2024-10-22 23:48:59] Error: Error en bind
[2024-10-22 23:56:12] Error: Error en bind
[2024-10-22 23:59:47] Error: Error en bind
[2024-10-22 23:59:48] Error: Error en bind
